OpenROAD f12e2f474102bfb875eeee57fb610d7d7de17770 
This program is licensed under the BSD-3 license. See the LICENSE file for details.
Components of this program may be licensed under more restrictive licenses which must be honored.
[INFO ODB-0222] Reading LEF file: /home/user/ORFS/flow/platforms/sky130hd/lef/sky130_fd_sc_hd.tlef
[INFO ODB-0223]     Created 13 technology layers
[INFO ODB-0224]     Created 25 technology vias
[INFO ODB-0226] Finished LEF file:  /home/user/ORFS/flow/platforms/sky130hd/lef/sky130_fd_sc_hd.tlef
[INFO ODB-0222] Reading LEF file: /home/user/ORFS/flow/platforms/sky130hd/lef/sky130_fd_sc_hd_merged.lef
[INFO ODB-0225]     Created 441 library cells
[INFO ODB-0226] Finished LEF file:  /home/user/ORFS/flow/platforms/sky130hd/lef/sky130_fd_sc_hd_merged.lef
[INFO ODB-0127] Reading DEF file: /home/user/ORFS/flow/results/sky130hd/gcd/base/6_final.def
[INFO ODB-0128] Design: gcd
[INFO ODB-0130]     Created 54 pins.
[INFO ODB-0131]     Created 9073 components and 35550 component-terminals.
[INFO ODB-0132]     Created 2 special nets and 34546 connections.
[INFO ODB-0133]     Created 343 nets and 1004 connections.
[INFO ODB-0134] Finished DEF file: /home/user/ORFS/flow/results/sky130hd/gcd/base/6_final.def
## design=/home/user/ORFS/flow/results/sky130hd/gcd/base/6_final.def  parasitics=extracted-SPEF

===================== SETUP (max) : worst 5 endpoints =====================
Startpoint: _405_ (rising edge-triggered flip-flop clocked by core_clock)
Endpoint: resp_msg[14] (output port clocked by core_clock)
Path Group: core_clock
Path Type: max

Fanout     Cap    Slew   Delay    Time   Description
-----------------------------------------------------------------------------
                          0.00    0.00   clock core_clock (rise edge)
                          0.00    0.00   clock source latency
                  0.00    0.00    0.00 ^ clk (in)
     1    0.02                           clk (net)
                  0.00    0.00    0.00 ^ clkbuf_0_clk/A (sky130_fd_sc_hd__buf_1)
                  0.09    0.10    0.10 ^ clkbuf_0_clk/X (sky130_fd_sc_hd__buf_1)
     2    0.01                           clknet_0_clk (net)
                  0.09    0.00    0.10 ^ clkbuf_1_0_0_clk/A (sky130_fd_sc_hd__buf_1)
                  0.09    0.13    0.23 ^ clkbuf_1_0_0_clk/X (sky130_fd_sc_hd__buf_1)
     2    0.01                           clknet_1_0_0_clk (net)
                  0.09    0.00    0.23 ^ clkbuf_2_0_0_clk/A (sky130_fd_sc_hd__buf_1)
                  0.38    0.33    0.56 ^ clkbuf_2_0_0_clk/X (sky130_fd_sc_hd__buf_1)
    10    0.03                           clknet_2_0_0_clk (net)
                  0.38    0.00    0.56 ^ _405_/CLK (sky130_fd_sc_hd__edfxtp_1)
                  0.11    0.51    1.07 v _405_/Q (sky130_fd_sc_hd__edfxtp_1)
     3    0.01                           dpath.a_lt_b$in0[0] (net)
                  0.11    0.00    1.07 v _193_/A_N (sky130_fd_sc_hd__nand2b_1)
                  0.12    0.23    1.31 v _193_/Y (sky130_fd_sc_hd__nand2b_1)
     2    0.01                           _027_ (net)
                  0.12    0.00    1.31 v _194_/C (sky130_fd_sc_hd__maj3_2)
                  0.11    0.39    1.70 v _194_/X (sky130_fd_sc_hd__maj3_2)
     2    0.02                           _028_ (net)
                  0.11    0.00    1.70 v _196_/A2 (sky130_fd_sc_hd__a21oi_4)
                  0.24    0.27    1.97 ^ _196_/Y (sky130_fd_sc_hd__a21oi_4)
     4    0.03                           _030_ (net)
                  0.24    0.00    1.97 ^ _202_/A2 (sky130_fd_sc_hd__o21ai_4)
                  0.13    0.16    2.13 v _202_/Y (sky130_fd_sc_hd__o21ai_4)
     7    0.05                           _036_ (net)
                  0.13    0.00    2.13 v _233_/A2 (sky130_fd_sc_hd__o211ai_2)
                  0.23    0.25    2.38 ^ _233_/Y (sky130_fd_sc_hd__o211ai_2)
     2    0.01                           _066_ (net)
                  0.23    0.00    2.38 ^ _234_/A3 (sky130_fd_sc_hd__a31oi_4)
                  0.10    0.13    2.52 v _234_/Y (sky130_fd_sc_hd__a31oi_4)
     2    0.01                           _067_ (net)
                  0.10    0.00    2.52 v _238_/A2 (sky130_fd_sc_hd__o21a_1)
                  0.07    0.22    2.74 v _238_/X (sky130_fd_sc_hd__o21a_1)
     1    0.01                           _071_ (net)
                  0.07    0.00    2.74 v _239_/B (sky130_fd_sc_hd__xor2_2)
                  0.25    0.24    2.98 ^ _239_/X (sky130_fd_sc_hd__xor2_2)
     2    0.02                           net42 (net)
                  0.25    0.00    2.98 ^ output42/A (sky130_fd_sc_hd__clkbuf_1)
                  0.03    0.10    3.09 ^ output42/X (sky130_fd_sc_hd__clkbuf_1)
     1    0.00                           resp_msg[14] (net)
                  0.03    0.00    3.09 ^ resp_msg[14] (out)
                                  3.09   data arrival time

                          4.36    4.36   clock core_clock (rise edge)
                          0.00    4.36   clock network delay (propagated)
                          0.00    4.36   clock reconvergence pessimism
                         -0.87    3.49   output external delay
                                  3.49   data required time
-----------------------------------------------------------------------------
                                  3.49   data required time
                                 -3.09   data arrival time
-----------------------------------------------------------------------------
                                  0.41   slack (MET)


Startpoint: _393_ (rising edge-triggered flip-flop clocked by core_clock)
Endpoint: resp_msg[11] (output port clocked by core_clock)
Path Group: core_clock
Path Type: max

Fanout     Cap    Slew   Delay    Time   Description
-----------------------------------------------------------------------------
                          0.00    0.00   clock core_clock (rise edge)
                          0.00    0.00   clock source latency
                  0.00    0.00    0.00 ^ clk (in)
     1    0.02                           clk (net)
                  0.00    0.00    0.00 ^ clkbuf_0_clk/A (sky130_fd_sc_hd__buf_1)
                  0.09    0.10    0.10 ^ clkbuf_0_clk/X (sky130_fd_sc_hd__buf_1)
     2    0.01                           clknet_0_clk (net)
                  0.09    0.00    0.10 ^ clkbuf_1_0_0_clk/A (sky130_fd_sc_hd__buf_1)
                  0.09    0.13    0.23 ^ clkbuf_1_0_0_clk/X (sky130_fd_sc_hd__buf_1)
     2    0.01                           clknet_1_0_0_clk (net)
                  0.09    0.00    0.23 ^ clkbuf_2_1_0_clk/A (sky130_fd_sc_hd__buf_1)
                  0.36    0.31    0.54 ^ clkbuf_2_1_0_clk/X (sky130_fd_sc_hd__buf_1)
    10    0.03                           clknet_2_1_0_clk (net)
                  0.36    0.00    0.54 ^ _393_/CLK (sky130_fd_sc_hd__edfxtp_1)
                  0.16    0.56    1.11 v _393_/Q (sky130_fd_sc_hd__edfxtp_1)
     5    0.02                           dpath.a_lt_b$in1[4] (net)
                  0.16    0.00    1.11 v _186_/A (sky130_fd_sc_hd__xnor2_1)
                  0.34    0.36    1.47 ^ _186_/Y (sky130_fd_sc_hd__xnor2_1)
     2    0.01                           _020_ (net)
                  0.34    0.00    1.47 ^ _190_/A (sky130_fd_sc_hd__nand2_1)
                  0.15    0.19    1.66 v _190_/Y (sky130_fd_sc_hd__nand2_1)
     2    0.02                           _024_ (net)
                  0.15    0.00    1.67 v _202_/A1 (sky130_fd_sc_hd__o21ai_4)
                  0.39    0.40    2.06 ^ _202_/Y (sky130_fd_sc_hd__o21ai_4)
     7    0.05                           _036_ (net)
                  0.39    0.00    2.06 ^ _220_/A2 (sky130_fd_sc_hd__o21ai_4)
                  0.12    0.15    2.21 v _220_/Y (sky130_fd_sc_hd__o21ai_4)
     4    0.03                           _054_ (net)
                  0.12    0.00    2.22 v _245_/C (sky130_fd_sc_hd__maj3_1)
                  0.10    0.42    2.63 v _245_/X (sky130_fd_sc_hd__maj3_1)
     1    0.01                           _075_ (net)
                  0.10    0.00    2.63 v _247_/A (sky130_fd_sc_hd__xnor2_2)
                  0.30    0.31    2.94 ^ _247_/Y (sky130_fd_sc_hd__xnor2_2)
     2    0.02                           net39 (net)
                  0.30    0.00    2.94 ^ output39/A (sky130_fd_sc_hd__clkbuf_1)
                  0.04    0.12    3.06 ^ output39/X (sky130_fd_sc_hd__clkbuf_1)
     1    0.00                           resp_msg[11] (net)
                  0.04    0.00    3.06 ^ resp_msg[11] (out)
                                  3.06   data arrival time

                          4.36    4.36   clock core_clock (rise edge)
                          0.00    4.36   clock network delay (propagated)
                          0.00    4.36   clock reconvergence pessimism
                         -0.87    3.49   output external delay
                                  3.49   data required time
-----------------------------------------------------------------------------
                                  3.49   data required time
                                 -3.06   data arrival time
-----------------------------------------------------------------------------
                                  0.43   slack (MET)


Startpoint: _393_ (rising edge-triggered flip-flop clocked by core_clock)
Endpoint: resp_msg[15] (output port clocked by core_clock)
Path Group: core_clock
Path Type: max

Fanout     Cap    Slew   Delay    Time   Description
-----------------------------------------------------------------------------
                          0.00    0.00   clock core_clock (rise edge)
                          0.00    0.00   clock source latency
                  0.00    0.00    0.00 ^ clk (in)
     1    0.02                           clk (net)
                  0.00    0.00    0.00 ^ clkbuf_0_clk/A (sky130_fd_sc_hd__buf_1)
                  0.09    0.10    0.10 ^ clkbuf_0_clk/X (sky130_fd_sc_hd__buf_1)
     2    0.01                           clknet_0_clk (net)
                  0.09    0.00    0.10 ^ clkbuf_1_0_0_clk/A (sky130_fd_sc_hd__buf_1)
                  0.09    0.13    0.23 ^ clkbuf_1_0_0_clk/X (sky130_fd_sc_hd__buf_1)
     2    0.01                           clknet_1_0_0_clk (net)
                  0.09    0.00    0.23 ^ clkbuf_2_1_0_clk/A (sky130_fd_sc_hd__buf_1)
                  0.36    0.31    0.54 ^ clkbuf_2_1_0_clk/X (sky130_fd_sc_hd__buf_1)
    10    0.03                           clknet_2_1_0_clk (net)
                  0.36    0.00    0.54 ^ _393_/CLK (sky130_fd_sc_hd__edfxtp_1)
                  0.16    0.56    1.11 v _393_/Q (sky130_fd_sc_hd__edfxtp_1)
     5    0.02                           dpath.a_lt_b$in1[4] (net)
                  0.16    0.00    1.11 v _186_/A (sky130_fd_sc_hd__xnor2_1)
                  0.34    0.36    1.47 ^ _186_/Y (sky130_fd_sc_hd__xnor2_1)
     2    0.01                           _020_ (net)
                  0.34    0.00    1.47 ^ _190_/A (sky130_fd_sc_hd__nand2_1)
                  0.15    0.19    1.66 v _190_/Y (sky130_fd_sc_hd__nand2_1)
     2    0.02                           _024_ (net)
                  0.15    0.00    1.67 v _202_/A1 (sky130_fd_sc_hd__o21ai_4)
                  0.39    0.40    2.06 ^ _202_/Y (sky130_fd_sc_hd__o21ai_4)
     7    0.05                           _036_ (net)
                  0.39    0.00    2.06 ^ _218_/A2 (sky130_fd_sc_hd__o2111ai_4)
                  0.14    0.18    2.24 v _218_/Y (sky130_fd_sc_hd__o2111ai_4)
     2    0.02                           _052_ (net)
                  0.14    0.00    2.24 v _229_/A2 (sky130_fd_sc_hd__a221oi_4)
                  0.39    0.46    2.71 ^ _229_/Y (sky130_fd_sc_hd__a221oi_4)
     4    0.03                           _063_ (net)
                  0.39    0.00    2.71 ^ _231_/A (sky130_fd_sc_hd__xnor2_1)
                  0.29    0.23    2.94 ^ _231_/Y (sky130_fd_sc_hd__xnor2_1)
     1    0.01                           net43 (net)
                  0.29    0.00    2.94 ^ output43/A (sky130_fd_sc_hd__clkbuf_1)
                  0.04    0.12    3.06 ^ output43/X (sky130_fd_sc_hd__clkbuf_1)
     1    0.00                           resp_msg[15] (net)
                  0.04    0.00    3.06 ^ resp_msg[15] (out)
                                  3.06   data arrival time

                          4.36    4.36   clock core_clock (rise edge)
                          0.00    4.36   clock network delay (propagated)
                          0.00    4.36   clock reconvergence pessimism
                         -0.87    3.49   output external delay
                                  3.49   data required time
-----------------------------------------------------------------------------
                                  3.49   data required time
                                 -3.06   data arrival time
-----------------------------------------------------------------------------
                                  0.43   slack (MET)


Startpoint: _405_ (rising edge-triggered flip-flop clocked by core_clock)
Endpoint: resp_msg[13] (output port clocked by core_clock)
Path Group: core_clock
Path Type: max

Fanout     Cap    Slew   Delay    Time   Description
-----------------------------------------------------------------------------
                          0.00    0.00   clock core_clock (rise edge)
                          0.00    0.00   clock source latency
                  0.00    0.00    0.00 ^ clk (in)
     1    0.02                           clk (net)
                  0.00    0.00    0.00 ^ clkbuf_0_clk/A (sky130_fd_sc_hd__buf_1)
                  0.09    0.10    0.10 ^ clkbuf_0_clk/X (sky130_fd_sc_hd__buf_1)
     2    0.01                           clknet_0_clk (net)
                  0.09    0.00    0.10 ^ clkbuf_1_0_0_clk/A (sky130_fd_sc_hd__buf_1)
                  0.09    0.13    0.23 ^ clkbuf_1_0_0_clk/X (sky130_fd_sc_hd__buf_1)
     2    0.01                           clknet_1_0_0_clk (net)
                  0.09    0.00    0.23 ^ clkbuf_2_0_0_clk/A (sky130_fd_sc_hd__buf_1)
                  0.38    0.33    0.56 ^ clkbuf_2_0_0_clk/X (sky130_fd_sc_hd__buf_1)
    10    0.03                           clknet_2_0_0_clk (net)
                  0.38    0.00    0.56 ^ _405_/CLK (sky130_fd_sc_hd__edfxtp_1)
                  0.11    0.51    1.07 v _405_/Q (sky130_fd_sc_hd__edfxtp_1)
     3    0.01                           dpath.a_lt_b$in0[0] (net)
                  0.11    0.00    1.07 v _193_/A_N (sky130_fd_sc_hd__nand2b_1)
                  0.12    0.23    1.31 v _193_/Y (sky130_fd_sc_hd__nand2b_1)
     2    0.01                           _027_ (net)
                  0.12    0.00    1.31 v _194_/C (sky130_fd_sc_hd__maj3_2)
                  0.11    0.39    1.70 v _194_/X (sky130_fd_sc_hd__maj3_2)
     2    0.02                           _028_ (net)
                  0.11    0.00    1.70 v _196_/A2 (sky130_fd_sc_hd__a21oi_4)
                  0.24    0.27    1.97 ^ _196_/Y (sky130_fd_sc_hd__a21oi_4)
     4    0.03                           _030_ (net)
                  0.24    0.00    1.97 ^ _202_/A2 (sky130_fd_sc_hd__o21ai_4)
                  0.13    0.16    2.13 v _202_/Y (sky130_fd_sc_hd__o21ai_4)
     7    0.05                           _036_ (net)
                  0.13    0.00    2.13 v _233_/A2 (sky130_fd_sc_hd__o211ai_2)
                  0.23    0.25    2.38 ^ _233_/Y (sky130_fd_sc_hd__o211ai_2)
     2    0.01                           _066_ (net)
                  0.23    0.00    2.38 ^ _234_/A3 (sky130_fd_sc_hd__a31oi_4)
                  0.10    0.13    2.52 v _234_/Y (sky130_fd_sc_hd__a31oi_4)
     2    0.01                           _067_ (net)
                  0.10    0.00    2.52 v _241_/A (sky130_fd_sc_hd__xnor2_2)
                  0.32    0.32    2.84 ^ _241_/Y (sky130_fd_sc_hd__xnor2_2)
     2    0.02                           net41 (net)
                  0.32    0.00    2.84 ^ output41/A (sky130_fd_sc_hd__clkbuf_1)
                  0.03    0.11    2.95 ^ output41/X (sky130_fd_sc_hd__clkbuf_1)
     1    0.00                           resp_msg[13] (net)
                  0.03    0.00    2.95 ^ resp_msg[13] (out)
                                  2.95   data arrival time

                          4.36    4.36   clock core_clock (rise edge)
                          0.00    4.36   clock network delay (propagated)
                          0.00    4.36   clock reconvergence pessimism
                         -0.87    3.49   output external delay
                                  3.49   data required time
-----------------------------------------------------------------------------
                                  3.49   data required time
                                 -2.95   data arrival time
-----------------------------------------------------------------------------
                                  0.54   slack (MET)


Startpoint: _405_ (rising edge-triggered flip-flop clocked by core_clock)
Endpoint: resp_msg[9] (output port clocked by core_clock)
Path Group: core_clock
Path Type: max

Fanout     Cap    Slew   Delay    Time   Description
-----------------------------------------------------------------------------
                          0.00    0.00   clock core_clock (rise edge)
                          0.00    0.00   clock source latency
                  0.00    0.00    0.00 ^ clk (in)
     1    0.02                           clk (net)
                  0.00    0.00    0.00 ^ clkbuf_0_clk/A (sky130_fd_sc_hd__buf_1)
                  0.09    0.10    0.10 ^ clkbuf_0_clk/X (sky130_fd_sc_hd__buf_1)
     2    0.01                           clknet_0_clk (net)
                  0.09    0.00    0.10 ^ clkbuf_1_0_0_clk/A (sky130_fd_sc_hd__buf_1)
                  0.09    0.13    0.23 ^ clkbuf_1_0_0_clk/X (sky130_fd_sc_hd__buf_1)
     2    0.01                           clknet_1_0_0_clk (net)
                  0.09    0.00    0.23 ^ clkbuf_2_0_0_clk/A (sky130_fd_sc_hd__buf_1)
                  0.38    0.33    0.56 ^ clkbuf_2_0_0_clk/X (sky130_fd_sc_hd__buf_1)
    10    0.03                           clknet_2_0_0_clk (net)
                  0.38    0.00    0.56 ^ _405_/CLK (sky130_fd_sc_hd__edfxtp_1)
                  0.11    0.51    1.07 v _405_/Q (sky130_fd_sc_hd__edfxtp_1)
     3    0.01                           dpath.a_lt_b$in0[0] (net)
                  0.11    0.00    1.07 v _193_/A_N (sky130_fd_sc_hd__nand2b_1)
                  0.12    0.23    1.31 v _193_/Y (sky130_fd_sc_hd__nand2b_1)
     2    0.01                           _027_ (net)
                  0.12    0.00    1.31 v _194_/C (sky130_fd_sc_hd__maj3_2)
                  0.11    0.39    1.70 v _194_/X (sky130_fd_sc_hd__maj3_2)
     2    0.02                           _028_ (net)
                  0.11    0.00    1.70 v _196_/A2 (sky130_fd_sc_hd__a21oi_4)
                  0.24    0.27    1.97 ^ _196_/Y (sky130_fd_sc_hd__a21oi_4)
     4    0.03                           _030_ (net)
                  0.24    0.00    1.97 ^ _202_/A2 (sky130_fd_sc_hd__o21ai_4)
                  0.13    0.16    2.13 v _202_/Y (sky130_fd_sc_hd__o21ai_4)
     7    0.05                           _036_ (net)
                  0.13    0.00    2.13 v _254_/A1 (sky130_fd_sc_hd__o211ai_1)
                  0.23    0.27    2.40 ^ _254_/Y (sky130_fd_sc_hd__o211ai_1)
     1    0.01                           _082_ (net)
                  0.23    0.00    2.40 ^ _256_/A2 (sky130_fd_sc_hd__a31oi_2)
                  0.10    0.15    2.55 v _256_/Y (sky130_fd_sc_hd__a31oi_2)
     1    0.01                           _084_ (net)
                  0.10    0.00    2.55 v _257_/B (sky130_fd_sc_hd__xnor2_2)
                  0.27    0.26    2.81 ^ _257_/Y (sky130_fd_sc_hd__xnor2_2)
     2    0.02                           net52 (net)
                  0.27    0.00    2.81 ^ output52/A (sky130_fd_sc_hd__clkbuf_1)
                  0.03    0.11    2.91 ^ output52/X (sky130_fd_sc_hd__clkbuf_1)
     1    0.00                           resp_msg[9] (net)
                  0.03    0.00    2.91 ^ resp_msg[9] (out)
                                  2.91   data arrival time

                          4.36    4.36   clock core_clock (rise edge)
                          0.00    4.36   clock network delay (propagated)
                          0.00    4.36   clock reconvergence pessimism
                         -0.87    3.49   output external delay
                                  3.49   data required time
-----------------------------------------------------------------------------
                                  3.49   data required time
                                 -2.91   data arrival time
-----------------------------------------------------------------------------
                                  0.58   slack (MET)



===================== HOLD (min) : worst 5 endpoints ======================
Startpoint: _422_ (rising edge-triggered flip-flop clocked by core_clock)
Endpoint: _422_ (rising edge-triggered flip-flop clocked by core_clock)
Path Group: core_clock
Path Type: min

Fanout     Cap    Slew   Delay    Time   Description
-----------------------------------------------------------------------------
                          0.00    0.00   clock core_clock (rise edge)
                          0.00    0.00   clock source latency
                  0.00    0.00    0.00 ^ clk (in)
     1    0.02                           clk (net)
                  0.00    0.00    0.00 ^ clkbuf_0_clk/A (sky130_fd_sc_hd__buf_1)
                  0.09    0.10    0.10 ^ clkbuf_0_clk/X (sky130_fd_sc_hd__buf_1)
     2    0.01                           clknet_0_clk (net)
                  0.09    0.00    0.10 ^ clkbuf_1_1_0_clk/A (sky130_fd_sc_hd__buf_1)
                  0.12    0.15    0.25 ^ clkbuf_1_1_0_clk/X (sky130_fd_sc_hd__buf_1)
     2    0.01                           clknet_1_1_0_clk (net)
                  0.12    0.00    0.25 ^ clkbuf_2_2_0_clk/A (sky130_fd_sc_hd__buf_1)
                  0.27    0.26    0.51 ^ clkbuf_2_2_0_clk/X (sky130_fd_sc_hd__buf_1)
     7    0.02                           clknet_2_2_0_clk (net)
                  0.27    0.00    0.51 ^ _422_/CLK (sky130_fd_sc_hd__dfxtp_1)
                  0.05    0.38    0.89 v _422_/Q (sky130_fd_sc_hd__dfxtp_1)
     3    0.01                           ctrl.state.out[1] (net)
                  0.05    0.00    0.89 v _371_/B1 (sky130_fd_sc_hd__o21ai_0)
                  0.08    0.08    0.98 ^ _371_/Y (sky130_fd_sc_hd__o21ai_0)
     1    0.00                           _155_ (net)
                  0.08    0.00    0.98 ^ _380_/A1 (sky130_fd_sc_hd__a21oi_1)
                  0.04    0.06    1.04 v _380_/Y (sky130_fd_sc_hd__a21oi_1)
     1    0.00                           _001_ (net)
                  0.04    0.00    1.04 v _422_/D (sky130_fd_sc_hd__dfxtp_1)
                                  1.04   data arrival time

                          0.00    0.00   clock core_clock (rise edge)
                          0.00    0.00   clock source latency
                  0.00    0.00    0.00 ^ clk (in)
     1    0.02                           clk (net)
                  0.00    0.00    0.00 ^ clkbuf_0_clk/A (sky130_fd_sc_hd__buf_1)
                  0.09    0.10    0.10 ^ clkbuf_0_clk/X (sky130_fd_sc_hd__buf_1)
     2    0.01                           clknet_0_clk (net)
                  0.09    0.00    0.10 ^ clkbuf_1_1_0_clk/A (sky130_fd_sc_hd__buf_1)
                  0.12    0.15    0.25 ^ clkbuf_1_1_0_clk/X (sky130_fd_sc_hd__buf_1)
     2    0.01                           clknet_1_1_0_clk (net)
                  0.12    0.00    0.25 ^ clkbuf_2_2_0_clk/A (sky130_fd_sc_hd__buf_1)
                  0.27    0.26    0.51 ^ clkbuf_2_2_0_clk/X (sky130_fd_sc_hd__buf_1)
     7    0.02                           clknet_2_2_0_clk (net)
                  0.27    0.00    0.51 ^ _422_/CLK (sky130_fd_sc_hd__dfxtp_1)
                          0.00    0.51   clock reconvergence pessimism
                          0.00    0.51   library hold time
                                  0.51   data required time
-----------------------------------------------------------------------------
                                  0.51   data required time
                                 -1.04   data arrival time
-----------------------------------------------------------------------------
                                  0.53   slack (MET)


Startpoint: _423_ (rising edge-triggered flip-flop clocked by core_clock)
Endpoint: _423_ (rising edge-triggered flip-flop clocked by core_clock)
Path Group: core_clock
Path Type: min

Fanout     Cap    Slew   Delay    Time   Description
-----------------------------------------------------------------------------
                          0.00    0.00   clock core_clock (rise edge)
                          0.00    0.00   clock source latency
                  0.00    0.00    0.00 ^ clk (in)
     1    0.02                           clk (net)
                  0.00    0.00    0.00 ^ clkbuf_0_clk/A (sky130_fd_sc_hd__buf_1)
                  0.09    0.10    0.10 ^ clkbuf_0_clk/X (sky130_fd_sc_hd__buf_1)
     2    0.01                           clknet_0_clk (net)
                  0.09    0.00    0.10 ^ clkbuf_1_1_0_clk/A (sky130_fd_sc_hd__buf_1)
                  0.12    0.15    0.25 ^ clkbuf_1_1_0_clk/X (sky130_fd_sc_hd__buf_1)
     2    0.01                           clknet_1_1_0_clk (net)
                  0.12    0.00    0.25 ^ clkbuf_2_2_0_clk/A (sky130_fd_sc_hd__buf_1)
                  0.27    0.26    0.51 ^ clkbuf_2_2_0_clk/X (sky130_fd_sc_hd__buf_1)
     7    0.02                           clknet_2_2_0_clk (net)
                  0.27    0.00    0.51 ^ _423_/CLK (sky130_fd_sc_hd__dfxtp_2)
                  0.08    0.43    0.94 v _423_/Q (sky130_fd_sc_hd__dfxtp_2)
     6    0.03                           ctrl.state.out[2] (net)
                  0.08    0.00    0.94 v _387_/B1 (sky130_fd_sc_hd__o21ai_0)
                  0.09    0.10    1.03 ^ _387_/Y (sky130_fd_sc_hd__o21ai_0)
     1    0.00                           _168_ (net)
                  0.09    0.00    1.03 ^ _388_/A2 (sky130_fd_sc_hd__a21oi_1)
                  0.04    0.07    1.10 v _388_/Y (sky130_fd_sc_hd__a21oi_1)
     1    0.00                           _002_ (net)
                  0.04    0.00    1.10 v _423_/D (sky130_fd_sc_hd__dfxtp_2)
                                  1.10   data arrival time

                          0.00    0.00   clock core_clock (rise edge)
                          0.00    0.00   clock source latency
                  0.00    0.00    0.00 ^ clk (in)
     1    0.02                           clk (net)
                  0.00    0.00    0.00 ^ clkbuf_0_clk/A (sky130_fd_sc_hd__buf_1)
                  0.09    0.10    0.10 ^ clkbuf_0_clk/X (sky130_fd_sc_hd__buf_1)
     2    0.01                           clknet_0_clk (net)
                  0.09    0.00    0.10 ^ clkbuf_1_1_0_clk/A (sky130_fd_sc_hd__buf_1)
                  0.12    0.15    0.25 ^ clkbuf_1_1_0_clk/X (sky130_fd_sc_hd__buf_1)
     2    0.01                           clknet_1_1_0_clk (net)
                  0.12    0.00    0.25 ^ clkbuf_2_2_0_clk/A (sky130_fd_sc_hd__buf_1)
                  0.27    0.26    0.51 ^ clkbuf_2_2_0_clk/X (sky130_fd_sc_hd__buf_1)
     7    0.02                           clknet_2_2_0_clk (net)
                  0.27    0.00    0.51 ^ _423_/CLK (sky130_fd_sc_hd__dfxtp_2)
                          0.00    0.51   clock reconvergence pessimism
                          0.00    0.51   library hold time
                                  0.51   data required time
-----------------------------------------------------------------------------
                                  0.51   data required time
                                 -1.10   data arrival time
-----------------------------------------------------------------------------
                                  0.59   slack (MET)


Startpoint: req_msg[31] (input port clocked by core_clock)
Endpoint: _420_ (rising edge-triggered flip-flop clocked by core_clock)
Path Group: core_clock
Path Type: min

Fanout     Cap    Slew   Delay    Time   Description
-----------------------------------------------------------------------------
                          0.00    0.00   clock core_clock (rise edge)
                          0.00    0.00   clock network delay (propagated)
                          0.87    0.87 ^ input external delay
                  0.00    0.00    0.87 ^ req_msg[31] (in)
     1    0.00                           req_msg[31] (net)
                  0.00    0.00    0.87 ^ input25/A (sky130_fd_sc_hd__clkbuf_1)
                  0.13    0.13    1.00 ^ input25/X (sky130_fd_sc_hd__clkbuf_1)
     1    0.01                           net25 (net)
                  0.13    0.00    1.00 ^ _384_/A (sky130_fd_sc_hd__nand2_1)
                  0.04    0.06    1.06 v _384_/Y (sky130_fd_sc_hd__nand2_1)
     1    0.00                           _166_ (net)
                  0.04    0.00    1.06 v _385_/B1 (sky130_fd_sc_hd__o21ai_0)
                  0.06    0.06    1.12 ^ _385_/Y (sky130_fd_sc_hd__o21ai_0)
     1    0.00                           dpath.a_mux$out[15] (net)
                  0.06    0.00    1.12 ^ _420_/D (sky130_fd_sc_hd__edfxtp_1)
                                  1.12   data arrival time

                          0.00    0.00   clock core_clock (rise edge)
                          0.00    0.00   clock source latency
                  0.00    0.00    0.00 ^ clk (in)
     1    0.02                           clk (net)
                  0.00    0.00    0.00 ^ clkbuf_0_clk/A (sky130_fd_sc_hd__buf_1)
                  0.09    0.10    0.10 ^ clkbuf_0_clk/X (sky130_fd_sc_hd__buf_1)
     2    0.01                           clknet_0_clk (net)
                  0.09    0.00    0.10 ^ clkbuf_1_0_0_clk/A (sky130_fd_sc_hd__buf_1)
                  0.09    0.13    0.23 ^ clkbuf_1_0_0_clk/X (sky130_fd_sc_hd__buf_1)
     2    0.01                           clknet_1_0_0_clk (net)
                  0.09    0.00    0.23 ^ clkbuf_2_0_0_clk/A (sky130_fd_sc_hd__buf_1)
                  0.38    0.33    0.56 ^ clkbuf_2_0_0_clk/X (sky130_fd_sc_hd__buf_1)
    10    0.03                           clknet_2_0_0_clk (net)
                  0.38    0.00    0.56 ^ _420_/CLK (sky130_fd_sc_hd__edfxtp_1)
                          0.00    0.56   clock reconvergence pessimism
                         -0.07    0.49   library hold time
                                  0.49   data required time
-----------------------------------------------------------------------------
                                  0.49   data required time
                                 -1.12   data arrival time
-----------------------------------------------------------------------------
                                  0.63   slack (MET)


Startpoint: _410_ (rising edge-triggered flip-flop clocked by core_clock)
Endpoint: _394_ (rising edge-triggered flip-flop clocked by core_clock)
Path Group: core_clock
Path Type: min

Fanout     Cap    Slew   Delay    Time   Description
-----------------------------------------------------------------------------
                          0.00    0.00   clock core_clock (rise edge)
                          0.00    0.00   clock source latency
                  0.00    0.00    0.00 ^ clk (in)
     1    0.02                           clk (net)
                  0.00    0.00    0.00 ^ clkbuf_0_clk/A (sky130_fd_sc_hd__buf_1)
                  0.09    0.10    0.10 ^ clkbuf_0_clk/X (sky130_fd_sc_hd__buf_1)
     2    0.01                           clknet_0_clk (net)
                  0.09    0.00    0.10 ^ clkbuf_1_1_0_clk/A (sky130_fd_sc_hd__buf_1)
                  0.12    0.15    0.25 ^ clkbuf_1_1_0_clk/X (sky130_fd_sc_hd__buf_1)
     2    0.01                           clknet_1_1_0_clk (net)
                  0.12    0.00    0.25 ^ clkbuf_2_3_0_clk/A (sky130_fd_sc_hd__buf_1)
                  0.29    0.27    0.52 ^ clkbuf_2_3_0_clk/X (sky130_fd_sc_hd__buf_1)
     8    0.02                           clknet_2_3_0_clk (net)
                  0.29    0.00    0.52 ^ _410_/CLK (sky130_fd_sc_hd__edfxtp_1)
                  0.09    0.43    0.95 ^ _410_/Q (sky130_fd_sc_hd__edfxtp_1)
     3    0.01                           dpath.a_lt_b$in0[5] (net)
                  0.09    0.00    0.95 ^ _297_/A0 (sky130_fd_sc_hd__mux2_1)
                  0.04    0.13    1.08 ^ _297_/X (sky130_fd_sc_hd__mux2_1)
     1    0.00                           dpath.b_mux$out[5] (net)
                  0.04    0.00    1.08 ^ _394_/D (sky130_fd_sc_hd__edfxtp_1)
                                  1.08   data arrival time

                          0.00    0.00   clock core_clock (rise edge)
                          0.00    0.00   clock source latency
                  0.00    0.00    0.00 ^ clk (in)
     1    0.02                           clk (net)
                  0.00    0.00    0.00 ^ clkbuf_0_clk/A (sky130_fd_sc_hd__buf_1)
                  0.09    0.10    0.10 ^ clkbuf_0_clk/X (sky130_fd_sc_hd__buf_1)
     2    0.01                           clknet_0_clk (net)
                  0.09    0.00    0.10 ^ clkbuf_1_1_0_clk/A (sky130_fd_sc_hd__buf_1)
                  0.12    0.15    0.25 ^ clkbuf_1_1_0_clk/X (sky130_fd_sc_hd__buf_1)
     2    0.01                           clknet_1_1_0_clk (net)
                  0.12    0.00    0.25 ^ clkbuf_2_3_0_clk/A (sky130_fd_sc_hd__buf_1)
                  0.29    0.27    0.52 ^ clkbuf_2_3_0_clk/X (sky130_fd_sc_hd__buf_1)
     8    0.02                           clknet_2_3_0_clk (net)
                  0.29    0.00    0.52 ^ _394_/CLK (sky130_fd_sc_hd__edfxtp_1)
                          0.00    0.52   clock reconvergence pessimism
                         -0.08    0.45   library hold time
                                  0.45   data required time
-----------------------------------------------------------------------------
                                  0.45   data required time
                                 -1.08   data arrival time
-----------------------------------------------------------------------------
                                  0.63   slack (MET)


Startpoint: req_msg[15] (input port clocked by core_clock)
Endpoint: _404_ (rising edge-triggered flip-flop clocked by core_clock)
Path Group: core_clock
Path Type: min

Fanout     Cap    Slew   Delay    Time   Description
-----------------------------------------------------------------------------
                          0.00    0.00   clock core_clock (rise edge)
                          0.00    0.00   clock network delay (propagated)
                          0.87    0.87 ^ input external delay
                  0.00    0.00    0.87 ^ req_msg[15] (in)
     1    0.00                           req_msg[15] (net)
                  0.00    0.00    0.87 ^ input7/A (sky130_fd_sc_hd__clkbuf_1)
                  0.12    0.12    0.99 ^ input7/X (sky130_fd_sc_hd__clkbuf_1)
     1    0.01                           net7 (net)
                  0.12    0.00    0.99 ^ _381_/A1 (sky130_fd_sc_hd__mux2_1)
                  0.04    0.14    1.13 ^ _381_/X (sky130_fd_sc_hd__mux2_1)
     1    0.00                           dpath.b_mux$out[15] (net)
                  0.04    0.00    1.13 ^ _404_/D (sky130_fd_sc_hd__edfxtp_1)
                                  1.13   data arrival time

                          0.00    0.00   clock core_clock (rise edge)
                          0.00    0.00   clock source latency
                  0.00    0.00    0.00 ^ clk (in)
     1    0.02                           clk (net)
                  0.00    0.00    0.00 ^ clkbuf_0_clk/A (sky130_fd_sc_hd__buf_1)
                  0.09    0.10    0.10 ^ clkbuf_0_clk/X (sky130_fd_sc_hd__buf_1)
     2    0.01                           clknet_0_clk (net)
                  0.09    0.00    0.10 ^ clkbuf_1_0_0_clk/A (sky130_fd_sc_hd__buf_1)
                  0.09    0.13    0.23 ^ clkbuf_1_0_0_clk/X (sky130_fd_sc_hd__buf_1)
     2    0.01                           clknet_1_0_0_clk (net)
                  0.09    0.00    0.23 ^ clkbuf_2_0_0_clk/A (sky130_fd_sc_hd__buf_1)
                  0.38    0.33    0.56 ^ clkbuf_2_0_0_clk/X (sky130_fd_sc_hd__buf_1)
    10    0.03                           clknet_2_0_0_clk (net)
                  0.38    0.00    0.56 ^ _404_/CLK (sky130_fd_sc_hd__edfxtp_1)
                          0.00    0.56   clock reconvergence pessimism
                         -0.06    0.50   library hold time
                                  0.50   data required time
-----------------------------------------------------------------------------
                                  0.50   data required time
                                 -1.13   data arrival time
-----------------------------------------------------------------------------
                                  0.64   slack (MET)



===================== CLOCK SKEW (propagated) =====================
Clock core_clock
Latency      CRPR       Skew
_404_/CLK ^
   0.56
_412_/CLK ^
   0.51      0.00       0.05


===================== WNS / TNS =====================
setup worst slack: 0.4054230399483791
hold  worst slack: 0.5327757830153413
tns 0.00

===================== AREA / POWER =====================
Design area 4100 u^2 6% utilization.
Group                  Internal  Switching    Leakage      Total
                          Power      Power      Power      Power
----------------------------------------------------------------
Sequential             4.06e-04   4.56e-05   3.39e-10   4.52e-04  42.5%
Combinational          2.31e-04   3.80e-04   8.75e-10   6.11e-04  57.5%
Macro                  0.00e+00   0.00e+00   0.00e+00   0.00e+00   0.0%
Pad                    0.00e+00   0.00e+00   0.00e+00   0.00e+00   0.0%
----------------------------------------------------------------
Total                  6.37e-04   4.26e-04   1.21e-09   1.06e-03 100.0%
                          59.9%      40.1%       0.0%
